2025-07-24 09:21:29 - root - INFO - Projection.py:19 - <module>() - your second screen will be use as projector
2025-07-24 09:21:29 - root - INFO - ImagingMethodBridge.py:17 - __init__() - FourierSplit imaging method with 1 spatial res is init
2025-07-24 09:21:29 - root - INFO - SpectrometerBridge.py:45 - __init__() - Stub spectrometer plugins is init 
2025-07-24 09:21:29 - root - INFO - CameraBridge.py:39 - __init__() - Stub  plugins camera is init 
2025-07-24 09:21:29 - root - INFO - Projection.py:45 - __init__() - Projection system is init
2025-07-24 09:21:29 - root - INFO - HardwareConfig.py:74 - __init__() - onepix Hardware class is init 
2025-07-24 09:21:29 - onepix.Acquisition - INFO - Acquisition.py:59 - __init__() - onepixAcquisition class is init
2025-07-24 09:21:29 - root - INFO - ImagingMethodBridge.py:30 - creation_patterns() - patterns of FourierSplit are created 
2025-07-24 09:21:29 - root - INFO - SpectrometerBridge.py:57 - spec_open() - Stub spectrometer plugins is open
2025-07-24 09:21:29 - root - INFO - SpectrometerBridge.py:62 - set_integration_time() - Stub integration time  is fix to  2.0 ms
2025-07-24 09:21:29 - root - INFO - HardwareConfig.py:107 - hardware_initialisation() - all hardware  is now open and ready to use
2025-07-24 09:21:29 - onepix.Acquisition - INFO - Acquisition.py:105 - init_measure() - duration calculate : 0.0
2025-07-24 09:21:29 - onepix.Acquisition - INFO - Acquisition.py:107 - init_measure() - measure is init
2025-07-24 09:21:32 - root - INFO - Acquisition.py:166 - thread_acquisition() - measure begin
2025-07-24 09:21:32 - root - INFO - SpectrometerBridge.py:178 - thread_singlepixel_measure() - Stub spectrometer begin to measure
2025-07-24 09:21:35 - root - INFO - Projection.py:160 - thread_projection() - Projection system begin to project patterns
2025-07-24 09:21:35 - root - INFO - SpectrometerBridge.py:246 - thread_singlepixel_measure() - Stub spectrometer begin to measure
2025-07-24 09:21:36 - root - INFO - Projection.py:180 - thread_projection() - Projection system finish to project patterns
2025-07-24 09:21:36 - root - INFO - Acquisition.py:217 - create_acquisition_header() - measure header is created
2025-07-24 09:21:36 - root - INFO - Acquisition.py:178 - thread_acquisition() - measure is complete
2025-07-24 09:21:36 - root - INFO - CameraBridge.py:46 - camera_open() - Stub camera is open
2025-07-24 09:21:36 - root - INFO - CameraBridge.py:57 - close_camera() - Stub camera is close
2025-07-24 09:21:36 - root - INFO - Acquisition.py:221 - save_raw_data() - measure is saved
